Component: ARM Compiler 5.06 update 7 (build 960) Tool: armlink [4d3601]

==============================================================================

Section Cross References

    moebius.o(.text) refers to led.o(.text) for LED_Init
    moebius.o(.text) refers to key.o(.text) for KEY_Init
    moebius.o(.text) refers to usart.o(.text) for USART1_Init
    moebius.o(.text) refers to bluetooth.o(.text) for USART3_Init
    moebius.o(.text) refers to motor.o(.text) for MiniBalance_PWM_Init
    moebius.o(.text) refers to adc.o(.text) for Adc_Init
    moebius.o(.text) refers to pstwo.o(.text) for PS2_Init
    moebius.o(.text) refers to ioi2c.o(.text) for IIC_Init
    moebius.o(.text) refers to mpu6050.o(.text) for MPU6050_initialize
    moebius.o(.text) refers to encoder.o(.text) for Encoder_Init_TIM2
    moebius.o(.text) refers to exti.o(.text) for EXTI15_Init
    moebius.o(.text) refers to printf3.o(i.__0printf$3) for __2printf
    moebius.o(.text) refers to systick.o(.text) for delay_ms
    moebius.o(.text) refers to moebius.o(.data) for PS2_KEY
    moebius.o(.text) refers to control.o(.data) for PS2_BLU
    startup_stm32f10x_hd.o(RESET) refers to startup_stm32f10x_hd.o(STACK) for __initial_sp
    startup_stm32f10x_hd.o(RESET) refers to startup_stm32f10x_hd.o(.text) for Reset_Handler
    startup_stm32f10x_hd.o(RESET) refers to encoder.o(.text) for TIM2_IRQHandler
    startup_stm32f10x_hd.o(RESET) refers to usart.o(.text) for USART1_IRQHandler
    startup_stm32f10x_hd.o(RESET) refers to bluetooth.o(.text) for USART3_IRQHandler
    startup_stm32f10x_hd.o(RESET) refers to control.o(.text) for EXTI15_10_IRQHandler
    startup_stm32f10x_hd.o(.text) refers to system_stm32f10x.o(.text) for SystemInit
    startup_stm32f10x_hd.o(.text) refers to entry.o(.ARM.Collect$$$$00000000) for __main
    stm32f10x_gpio.o(.text) refers to stm32f10x_rcc.o(.text) for RCC_APB2PeriphResetCmd
    stm32f10x_rcc.o(.text) refers to stm32f10x_rcc.o(.data) for APBAHBPrescTable
    stm32f10x_tim.o(.text) refers to stm32f10x_rcc.o(.text) for RCC_APB2PeriphResetCmd
    stm32f10x_usart.o(.text) refers to stm32f10x_rcc.o(.text) for RCC_APB2PeriphResetCmd
    stm32f10x_bkp.o(.text) refers to stm32f10x_rcc.o(.text) for RCC_BackupResetCmd
    stm32f10x_pwr.o(.text) refers to stm32f10x_rcc.o(.text) for RCC_APB1PeriphResetCmd
    system_stm32f10x.o(.text) refers to system_stm32f10x.o(.data) for SystemCoreClock
    led.o(.text) refers to stm32f10x_rcc.o(.text) for RCC_APB2PeriphClockCmd
    led.o(.text) refers to stm32f10x_gpio.o(.text) for GPIO_Init
    key.o(.text) refers to stm32f10x_rcc.o(.text) for RCC_APB2PeriphClockCmd
    key.o(.text) refers to stm32f10x_gpio.o(.text) for GPIO_Init
    motor.o(.text) refers to stm32f10x_rcc.o(.text) for RCC_APB2PeriphClockCmd
    motor.o(.text) refers to stm32f10x_gpio.o(.text) for GPIO_PinRemapConfig
    motor.o(.text) refers to stm32f10x_tim.o(.text) for TIM_SetCompare3
    encoder.o(.text) refers to sys.o(.text) for MY_NVIC_Init
    bluetooth.o(.text) refers to malloc.o(i.malloc) for malloc
    bluetooth.o(.text) refers to printf3.o(i.__0printf$3) for __2printf
    bluetooth.o(.text) refers to malloc.o(i.free) for free
    bluetooth.o(.text) refers to stm32f10x_usart.o(.text) for USART_SendData
    bluetooth.o(.text) refers to stm32f10x_rcc.o(.text) for RCC_APB2PeriphClockCmd
    bluetooth.o(.text) refers to stm32f10x_gpio.o(.text) for GPIO_PinRemapConfig
    bluetooth.o(.text) refers to misc.o(.text) for NVIC_Init
    bluetooth.o(.text) refers to bluetooth.o(.data) for Uart_Queue
    adc.o(.text) refers to dfltui.o(.text) for __aeabi_ui2d
    adc.o(.text) refers to dmul.o(.text) for __aeabi_dmul
    adc.o(.text) refers to ddiv.o(.text) for __aeabi_ddiv
    adc.o(.text) refers to dfixi.o(.text) for __aeabi_d2iz
    ioi2c.o(.text) refers to systick.o(.text) for delay_us
    mpu6050.o(.text) refers to inv_mpu.o(.text) for mpu_run_self_test
    mpu6050.o(.text) refers to fflti.o(.text) for __aeabi_i2f
    mpu6050.o(.text) refers to fmul.o(.text) for __aeabi_fmul
    mpu6050.o(.text) refers to ffixi.o(.text) for __aeabi_f2iz
    mpu6050.o(.text) refers to inv_mpu_dmp_motion_driver.o(.text) for dmp_set_gyro_bias
    mpu6050.o(.text) refers to printf3.o(i.__0printf$3) for __2printf
    mpu6050.o(.text) refers to ioi2c.o(.text) for IICwriteBits
    mpu6050.o(.text) refers to fdiv.o(.text) for __aeabi_fdiv
    mpu6050.o(.text) refers to mpu6050.o(.bss) for MPU6050_FIFO
    mpu6050.o(.text) refers to mpu6050.o(.data) for gyro_orientation
    mpu6050.o(.text) refers to fadd.o(.text) for __aeabi_fadd
    mpu6050.o(.text) refers to f2d.o(.text) for __aeabi_f2d
    mpu6050.o(.text) refers to asin.o(i.asin) for asin
    mpu6050.o(.text) refers to dmul.o(.text) for __aeabi_dmul
    mpu6050.o(.text) refers to d2f.o(.text) for __aeabi_d2f
    mpu6050.o(.text) refers to atan2.o(i.atan2) for atan2
    mpu6050.o(.text) refers to cfrcmple.o(.text) for __aeabi_cfrcmple
[...]
    .text                                    0x08001e84   Section        0  key.o(.text)
    .text                                    0x08001eac   Section        0  motor.o(.text)
    .text                                    0x080020c4   Section        0  encoder.o(.text)
    .text                                    0x080024f8   Section        0  bluetooth.o(.text)
    .text                                    0x08002780   Section        0  adc.o(.text)
    .text                                    0x0800295c   Section        0  ioi2c.o(.text)
    .text                                    0x08002e68   Section        0  mpu6050.o(.text)
    inv_row_2_scale                          0x08002e69   Thumb Code    78  mpu6050.o(.text)
    inv_orientation_matrix_to_scalar         0x08002eb7   Thumb Code    40  mpu6050.o(.text)
    run_self_test                            0x08002edf   Thumb Code   150  mpu6050.o(.text)
    .text                                    0x0800375c   Section        0  inv_mpu.o(.text)
    set_int_enable                           0x0800375d   Thumb Code   138  inv_mpu.o(.text)
    get_accel_prod_shift                     0x080049a5   Thumb Code   168  inv_mpu.o(.text)
    accel_self_test                          0x08004a4d   Thumb Code   164  inv_mpu.o(.text)
    gyro_self_test                           0x08004af1   Thumb Code   280  inv_mpu.o(.text)
    get_st_biases                            0x08004c09   Thumb Code  1134  inv_mpu.o(.text)
    .text                                    0x080055ec   Section        0  inv_mpu_dmp_motion_driver.o(.text)
    decode_gesture                           0x080060a1   Thumb Code    94  inv_mpu_dmp_motion_driver.o(.text)
    .text                                    0x0800635c   Section        0  control.o(.text)
    .text                                    0x08006ec0   Section        0  exti.o(.text)
    .text                                    0x08006f14   Section        0  pstwo.o(.text)
    .text                                    0x0800739c   Section        0  sys.o(.text)
    .text                                    0x08007544   Section        0  systick.o(.text)
    .text                                    0x080075b4   Section        0  usart.o(.text)
    .text                                    0x080076c8   Section        0  ldiv.o(.text)
    .text                                    0x0800772a   Section        0  memseta.o(.text)
    .text                                    0x0800774e   Section        0  memcmp.o(.text)
    .text                                    0x08007768   Section        0  fadd.o(.text)
    .text                                    0x08007818   Section        0  fmul.o(.text)
    .text                                    0x0800787c   Section        0  fdiv.o(.text)
    .text                                    0x080078f8   Section        0  dadd.o(.text)
    .text                                    0x08007a46   Section        0  dmul.o(.text)
    .text                                    0x08007b2a   Section        0  ddiv.o(.text)
    .text                                    0x08007c08   Section        0  fflti.o(.text)
    .text                                    0x08007c1a   Section        0  ffltui.o(.text)
    .text                                    0x08007c24   Section        0  dfltui.o(.text)
    .text                                    0x08007c3e   Section        0  ffixi.o(.text)
    .text                                    0x08007c70   Section        0  ffixui.o(.text)
    .text                                    0x08007c98   Section        0  dfixi.o(.text)
    .text                                    0x08007cd6   Section        0  f2d.o(.text)
    .text                                    0x08007cfc   Section        0  d2f.o(.text)
    .text                                    0x08007d34   Section       20  cfcmple.o(.text)
    .text                                    0x08007d48   Section       20  cfrcmple.o(.text)
    .text                                    0x08007d5c   Section        0  uidiv.o(.text)
    .text                                    0x08007d88   Section        0  uldiv.o(.text)
    .text                                    0x08007dea   Section        0  llshl.o(.text)
    .text                                    0x08007e08   Section        0  llushr.o(.text)
    .text                                    0x08007e28   Section        0  llsshr.o(.text)
    .text                                    0x08007e4c   Section        0  iusefp.o(.text)
    .text                                    0x08007e4c   Section        0  fepilogue.o(.text)
    .text                                    0x08007eba   Section        0  depilogue.o(.text)
    .text                                    0x08007f74   Section        0  dscalb.o(.text)
    .text                                    0x08007fa4   Section       48  cdcmple.o(.text)
    .text                                    0x08007fd4   Section       36  init.o(.text)
    .text                                    0x08007ff8   Section        0  dsqrt.o(.text)
    .text                                    0x0800809a   Section        0  __dczerorl2.o(.text)
    i.__0printf$3                            0x080080f0   Section        0  printf3.o(i.__0printf$3)
    i.__ARM_fpclassify                       0x08008110   Section        0  fpclassify.o(i.__ARM_fpclassify)
    i.__kernel_poly                          0x08008138   Section        0  poly.o(i.__kernel_poly)
    i.__mathlib_dbl_infnan                   0x080081e2   Section        0  dunder.o(i.__mathlib_dbl_infnan)
    i.__mathlib_dbl_infnan2                  0x080081e8   Section        0  dunder.o(i.__mathlib_dbl_infnan2)
    i.__mathlib_dbl_invalid                  0x080081ec   Section        0  dunder.o(i.__mathlib_dbl_invalid)
    i.__mathlib_dbl_underflow                0x080081f8   Section        0  dunder.o(i.__mathlib_dbl_underflow)
    i.__scatterload_copy                     0x08008208   Section       14  handlers.o(i.__scatterload_copy)
    i.__scatterload_null                     0x08008216   Section        2  handlers.o(i.__scatterload_null)
    i.__scatterload_zeroinit                 0x08008218   Section       14  handlers.o(i.__scatterload_zeroinit)
    i.__set_errno                            0x08008228   Section        0  errno.o(i.__set_errno)
    i._printf_core                           0x08008234   Section        0  printf3.o(i._printf_core)
    _printf_core                             0x08008235   Thumb Code   436  printf3.o(i._printf_core)
    i.asin                                   0x080083ec   Section        0  asin.o(i.asin)
    i.atan                                   0x0800865c   Section        0  atan.o(i.atan)
    i.atan2                                  0x0800887c   Section        0  atan2.o(i.atan2)
    i.free                                   0x08008a18   Section        0  malloc.o(i.free)
    i.malloc                                 0x08008a68   Section        0  malloc.o(i.malloc)
    i.sqrt                                   0x08008ad4   Section        0  sqrt.o(i.sqrt)
    .constdata                               0x08008b20   Section       80  inv_mpu.o(.constdata)
    .constdata                               0x08008b70   Section     3062  inv_mpu_dmp_motion_driver.o(.constdata)
    dmp_memory                               0x08008b70   Data        3062  inv_mpu_dmp_motion_driver.o(.constdata)
    .constdata                               0x08009768   Section       80  asin.o(.constdata)
    pS                                       0x08009768   Data          48  asin.o(.constdata)
    qS                                       0x08009798   Data          32  asin.o(.constdata)
    .constdata                               0x080097b8   Section      152  atan.o(.constdata)
    atanhi                                   0x080097b8   Data          32  atan.o(.constdata)
    atanlo                                   0x080097d8   Data          32  atan.o(.constdata)
    aTodd                                    0x080097f8   Data          40  atan.o(.constdata)
    aTeven                                   0x08009820   Data          48  atan.o(.constdata)
    .constdata                               0x08009850   Section        8  qnan.o(.constdata)
    .conststring                             0x08009858   Section       78  inv_mpu.o(.conststring)
    .data                                    0x20000000   Section      220  moebius.o(.data)
    .data                                    0x200000dc   Section       20  stm32f10x_rcc.o(.data)
    APBAHBPrescTable                         0x200000dc   Data          16  stm32f10x_rcc.o(.data)
    ADCPrescTable                            0x200000ec   Data           4  stm32f10x_rcc.o(.data)
    .data                                    0x200000f0   Section       20  system_stm32f10x.o(.data)
    .data                                    0x20000104   Section        8  bluetooth.o(.data)
    .data                                    0x2000010c   Section       48  mpu6050.o(.data)
    gyro_orientation                         0x2000012c   Data           9  mpu6050.o(.data)
    .data                                    0x2000013c   Section       44  inv_mpu.o(.data)
    st                                       0x2000013c   Data          44  inv_mpu.o(.data)
    .data                                    0x20000168   Section       80  control.o(.data)
    Bias                                     0x20000188   Data           4  control.o(.data)
    Pwm                                      0x2000018c   Data           4  control.o(.data)
    Last_bias                                0x20000190   Data           4  control.o(.data)
    Bias                                     0x20000194   Data           4  control.o(.data)
    Pwm                                      0x20000198   Data           4  control.o(.data)
    Last_bias                                0x2000019c   Data           4  control.o(.data)
    Bias                                     0x200001a0   Data           4  control.o(.data)
    Pwm                                      0x200001a4   Data           4  control.o(.data)
    Last_bias                                0x200001a8   Data           4  control.o(.data)
    Bias                                     0x200001ac   Data           4  control.o(.data)
    Pwm                                      0x200001b0   Data           4  control.o(.data)
    Last_bias                                0x200001b4   Data           4  control.o(.data)
    .data                                    0x200001b8   Section       36  pstwo.o(.data)
    .data                                    0x200001dc   Section        1  usart.o(.data)
    .data                                    0x200001e0   Section        4  stdout.o(.data)
    .data                                    0x200001e4   Section        4  mvars.o(.data)
    .data                                    0x200001e8   Section        4  mvars.o(.data)
    .data                                    0x200001ec   Section        4  errno.o(.data)
    _errno                                   0x200001ec   Data           4  errno.o(.data)
    .bss                                     0x200001f0   Section      146  mpu6050.o(.bss)
    .bss                                     0x20000284   Section       16  inv_mpu_dmp_motion_driver.o(.bss)
    dmp                                      0x20000284   Data          16  inv_mpu_dmp_motion_driver.o(.bss)
    .bss                                     0x20000294   Section        9  pstwo.o(.bss)
    HEAP                                     0x200002a0   Section      512  startup_stm32f10x_hd.o(HEAP)
    STACK                                    0x200004a0   Section     1024  startup_stm32f10x_hd.o(STACK)

    Global Symbols

    Symbol Name                              Value     Ov Type        Size  Object(Section)

    BuildAttributes$$THM_ISAv4$P$D$K$B$S$PE$A:L22UL41UL21$X:L11$S22US41US21$IEEE1$IW$USESV6$~STKCKD$USESV7$~SHL$OTIME$ROPI$IEEEX$EBA8$MICROLIB$REQ8$PRES8$EABIv2 0x00000000   Number         0  anon$$obj.o ABSOLUTE
    __ARM_use_no_argv                        0x00000000   Number         0  moebius.o ABSOLUTE
    _printf_a                                0x00000000   Number         0  stubs.o ABSOLUTE
    _printf_c                                0x00000000   Number         0  stubs.o ABSOLUTE
    _printf_charcount                        0x00000000   Number         0  stubs.o ABSOLUTE
    _printf_d                                0x00000000   Number         0  stubs.o ABSOLUTE
    _printf_e                                0x00000000   Number         0  stubs.o ABSOLUTE
    _printf_f                                0x00000000   Number         0  stubs.o ABSOLUTE
    _printf_flags                            0x00000000   Number         0  stubs.o ABSOLUTE
    _printf_fp_dec                           0x00000000   Number         0  stubs.o ABSOLUTE
    _printf_fp_hex                           0x00000000   Number         0  stubs.o ABSOLUTE
    _printf_g                                0x00000000   Number         0  stubs.o ABSOLUTE
    _printf_i                                0x00000000   Number         0  stubs.o ABSOLUTE
    _printf_int_dec                          0x00000000   Number         0  stubs.o ABSOLUTE
    _printf_l                                0x00000000   Number         0  stubs.o ABSOLUTE
    _printf_lc                               0x00000000   Number         0  stubs.o ABSOLUTE
    _printf_ll                               0x00000000   Number         0  stubs.o ABSOLUTE
    _printf_lld                              0x00000000   Number         0  stubs.o ABSOLUTE
    _printf_lli                              0x00000000   Number         0  stubs.o ABSOLUTE
    _printf_llo                              0x00000000   Number         0  stubs.o ABSOLUTE
    _printf_llu                              0x00000000   Number         0  stubs.o ABSOLUTE
    _printf_llx                              0x00000000   Number         0  stubs.o ABSOLUTE
    _printf_longlong_dec                     0x00000000   Number         0  stubs.o ABSOLUTE
    _printf_longlong_hex                     0x00000000   Number         0  stubs.o ABSOLUTE
    _printf_longlong_oct                     0x00000000   Number         0  stubs.o ABSOLUTE
    _printf_ls                               0x00000000   Number         0  stubs.o ABSOLUTE
    _printf_mbtowc                           0x00000000   Number         0  stubs.o ABSOLUTE
    _printf_n                                0x00000000   Number         0  stubs.o ABSOLUTE
    _printf_o                                0x00000000   Number         0  stubs.o ABSOLUTE
    _printf_p                                0x00000000   Number         0  stubs.o ABSOLUTE
    _printf_percent                          0x00000000   Number         0  stubs.o ABSOLUTE
    _printf_pre_padding                      0x00000000   Number         0  stubs.o ABSOLUTE
    _printf_return_value                     0x00000000   Number         0  stubs.o ABSOLUTE
    _printf_s                                0x00000000   Number         0  stubs.o ABSOLUTE
    _printf_sizespec                         0x00000000   Number         0  stubs.o ABSOLUTE
    _printf_str                              0x00000000   Number         0  stubs.o ABSOLUTE
    _printf_truncate_signed                  0x00000000   Number         0  stubs.o ABSOLUTE
    _printf_truncate_unsigned                0x00000000   Number         0  stubs.o ABSOLUTE
    _printf_u                                0x00000000   Number         0  stubs.o ABSOLUTE
    _printf_wc                               0x00000000   Number         0  stubs.o ABSOLUTE
    _printf_wctomb                           0x00000000   Number         0  stubs.o ABSOLUTE
    _printf_widthprec                        0x00000000   Number         0  stubs.o ABSOLUTE
    _printf_x                                0x00000000   Number         0  stubs.o ABSOLUTE
    __arm_fini_                               - Undefined Weak Reference
    __cpp_initialize__aeabi_                  - Undefined Weak Reference
    __cxa_finalize                            - Undefined Weak Reference
    _clock_init                               - Undefined Weak Reference
    _microlib_exit                            - Undefined Weak Reference
    __Vectors_Size                           0x00000130   Number         0  startup_stm32f10x_hd.o ABSOLUTE
    __Vectors                                0x08000000   Data           4  startup_stm32f10x_hd.o(RESET)
    __Vectors_End                            0x08000130   Data           0  startup_stm32f10x_hd.o(RESET)
    __main                                   0x08000131   Thumb Code     0  entry.o(.ARM.Collect$$$$00000000)
    _main_stk                                0x08000131   Thumb Code     0  entry2.o(.ARM.Collect$$$$00000001)
    _main_scatterload                        0x08000135   Thumb Code     0  entry5.o(.ARM.Collect$$$$00000004)
    __main_after_scatterload                 0x08000139   Thumb Code     0  entry5.o(.ARM.Collect$$$$00000004)
    _main_clock                              0x08000139   Thumb Code     0  entry7b.o(.ARM.Collect$$$$00000008)
    _main_cpp_init                           0x08000139   Thumb Code     0  entry8b.o(.ARM.Collect$$$$0000000A)
    _main_init                               0x08000139   Thumb Code     0  entry9a.o(.ARM.Collect$$$$0000000B)
    __rt_lib_shutdown_fini                   0x08000141   Thumb Code     0  entry12b.o(.ARM.Collect$$$$0000000E)
    __rt_final_cpp                           0x08000145   Thumb Code     0  entry10a.o(.ARM.Collect$$$$0000000F)
    __rt_final_exit                          0x08000145   Thumb Code     0  entry11a.o(.ARM.Collect$$$$00000011)
    Peripheral_Init                          0x08000149   Thumb Code    78  moebius.o(.text)
    main                                     0x08000197   Thumb Code   160  moebius.o(.text)
    Reset_Handler                            0x08000255   Thumb Code     8  startup_stm32f10x_hd.o(.text)
    NMI_Handler                              0x0800025d   Thumb Code     2  startup_stm32f10x_hd.o(.text)
    HardFault_Handler                        0x0800025f   Thumb Code     2  startup_stm32f10x_hd.o(.text)
    MemManage_Handler                        0x08000261   Thumb Code     2  startup_stm32f10x_hd.o(.text)
    BusFault_Handler                         0x08000263   Thumb Code     2  startup_stm32f10x_hd.o(.text)
    UsageFault_Handler                       0x08000265   Thumb Code     2  startup_stm32f10x_hd.o(.text)
    SVC_Handler                              0x08000267   Thumb Code     2  startup_stm32f10x_hd.o(.text)
    DebugMon_Handler                         0x08000269   Thumb Code     2  startup_stm32f10x_hd.o(.text)
    PendSV_Handler                           0x0800026b   Thumb Code     2  startup_stm32f10x_hd.o(.text)
    SysTick_Handler                          0x0800026d   Thumb Code     2  startup_stm32f10x_hd.o(.text)
    ADC1_2_IRQHandler                        0x0800026f   Thumb Code     0  startup_stm32f10x_hd.o(.text)
    ADC3_IRQHandler                          0x0800026f   Thumb Code     0  startup_stm32f10x_hd.o(.text)
    CAN1_RX1_IRQHandler                      0x0800026f   Thumb Code     0  startup_stm32f10x_hd.o(.text)
    CAN1_SCE_IRQHandler                      0x0800026f   Thumb Code     0  startup_stm32f10x_hd.o(.text)
    DMA1_Channel1_IRQHandler                 0x0800026f   Thumb Code     0  startup_stm32f10x_hd.o(.text)
    DMA1_Channel2_IRQHandler                 0x0800026f   Thumb Code     0  startup_stm32f10x_hd.o(.text)
    DMA1_Channel3_IRQHandler                 0x0800026f   Thumb Code     0  startup_stm32f10x_hd.o(.text)
    DMA1_Channel4_IRQHandler                 0x0800026f   Thumb Code     0  startup_stm32f10x_hd.o(.text)
    DMA1_Channel5_IRQHandler                 0x0800026f   Thumb Code     0  startup_stm32f10x_hd.o(.text)
    DMA1_Channel6_IRQHandler                 0x0800026f   Thumb Code     0  startup_stm32f10x_hd.o(.text)
    DMA1_Channel7_IRQHandler                 0x0800026f   Thumb Code     0  startup_stm32f10x_hd.o(.text)
    DMA2_Channel1_IRQHandler                 0x0800026f   Thumb Code     0  startup_stm32f10x_hd.o(.text)
    DMA2_Channel2_IRQHandler                 0x0800026f   Thumb Code     0  startup_stm32f10x_hd.o(.text)
    DMA2_Channel3_IRQHandler                 0x0800026f   Thumb Code     0  startup_stm32f10x_hd.o(.text)
    DMA2_Channel4_5_IRQHandler               0x0800026f   Thumb Code     0  startup_stm32f10x_hd.o(.text)
    EXTI0_IRQHandler                         0x0800026f   Thumb Code     0  startup_stm32f10x_hd.o(.text)
    EXTI1_IRQHandler                         0x0800026f   Thumb Code     0  startup_stm32f10x_hd.o(.text)
    EXTI2_IRQHandler                         0x0800026f   Thumb Code     0  startup_stm32f10x_hd.o(.text)
    EXTI3_IRQHandler                         0x0800026f   Thumb Code     0  startup_stm32f10x_hd.o(.text)
    EXTI4_IRQHandler                         0x0800026f   Thumb Code     0  startup_stm32f10x_hd.o(.text)
    EXTI9_5_IRQHandler                       0x0800026f   Thumb Code     0  startup_stm32f10x_hd.o(.text)
    FLASH_IRQHandler                         0x0800026f   Thumb Code     0  startup_stm32f10x_hd.o(.text)
    FSMC_IRQHandler                          0x0800026f   Thumb Code     0  startup_stm32f10x_hd.o(.text)
    I2C1_ER_IRQHandler                       0x0800026f   Thumb Code     0  startup_stm32f10x_hd.o(.text)
    I2C1_EV_IRQHandler                       0x0800026f   Thumb Code     0  startup_stm32f10x_hd.o(.text)
    I2C2_ER_IRQHandler                       0x0800026f   Thumb Code     0  startup_stm32f10x_hd.o(.text)
    I2C2_EV_IRQHandler                       0x0800026f   Thumb Code     0  startup_stm32f10x_hd.o(.text)
    PVD_IRQHandler                           0x0800026f   Thumb Code     0  startup_stm32f10x_hd.o(.text)
    RCC_IRQHandler                           0x0800026f   Thumb Code     0  startup_stm32f10x_hd.o(.text)
    RTCAlarm_IRQHandler                      0x0800026f   Thumb Code     0  startup_stm32f10x_hd.o(.text)
    RTC_IRQHandler                           0x0800026f   Thumb Code     0  startup_stm32f10x_hd.o(.text)
    SDIO_IRQHandler                          0x0800026f   Thumb Code     0  startup_stm32f10x_hd.o(.text)
    SPI1_IRQHandler                          0x0800026f   Thumb Code     0  startup_stm32f10x_hd.o(.text)
    SPI2_IRQHandler                          0x0800026f   Thumb Code     0  startup_stm32f10x_hd.o(.text)
    SPI3_IRQHandler                          0x0800026f   Thumb Code     0  startup_stm32f10x_hd.o(.text)
    TAMPER_IRQHandler                        0x0800026f   Thumb Code     0  startup_stm32f10x_hd.o(.text)
    TIM1_BRK_IRQHandler                      0x0800026f   Thumb Code     0  startup_stm32f10x_hd.o(.text)
    TIM1_CC_IRQHandler                       0x0800026f   Thumb Code     0  startup_stm32f10x_hd.o(.text)
    TIM1_TRG_COM_IRQHandler                  0x0800026f   Thumb Code     0  startup_stm32f10x_hd.o(.text)
    TIM1_UP_IRQHandler                       0x0800026f   Thumb Code     0  startup_stm32f10x_hd.o(.text)
    TIM6_IRQHandler                          0x0800026f   Thumb Code     0  startup_stm32f10x_hd.o(.text)
    TIM7_IRQHandler                          0x0800026f   Thumb Code     0  startup_stm32f10x_hd.o(.text)
    TIM8_BRK_IRQHandler                      0x0800026f   Thumb Code     0  startup_stm32f10x_hd.o(.text)
    TIM8_CC_IRQHandler                       0x0800026f   Thumb Code     0  startup_stm32f10x_hd.o(.text)
    TIM8_TRG_COM_IRQHandler                  0x0800026f   Thumb Code     0  startup_stm32f10x_hd.o(.text)
    TIM8_UP_IRQHandler                       0x0800026f   Thumb Code     0  startup_stm32f10x_hd.o(.text)
    UART4_IRQHandler                         0x0800026f   Thumb Code     0  startup_stm32f10x_hd.o(.text)
    UART5_IRQHandler                         0x0800026f   Thumb Code     0  startup_stm32f10x_hd.o(.text)
    USART2_IRQHandler                        0x0800026f   Thumb Code     0  startup_stm32f10x_hd.o(.text)
    USBWakeUp_IRQHandler                     0x0800026f   Thumb Code     0  startup_stm32f10x_hd.o(.text)
    USB_HP_CAN1_TX_IRQHandler                0x0800026f   Thumb Code     0  startup_stm32f10x_hd.o(.text)
    USB_LP_CAN1_RX0_IRQHandler               0x0800026f   Thumb Code     0  startup_stm32f10x_hd.o(.text)
    WWDG_IRQHandler                          0x0800026f   Thumb Code     0  startup_stm32f10x_hd.o(.text)
    NVIC_PriorityGroupConfig                 0x08000279   Thumb Code    10  misc.o(.text)
    NVIC_Init                                0x08000283   Thumb Code   100  misc.o(.text)
    NVIC_SetVectorTable                      0x080002e7   Thumb Code    14  misc.o(.text)
    NVIC_SystemLPConfig                      0x080002f5   Thumb Code    34  misc.o(.text)
    SysTick_CLKSourceConfig                  0x08000317   Thumb Code    40  misc.o(.text)
    GPIO_DeInit                              0x08000355   Thumb Code   172  stm32f10x_gpio.o(.text)
    GPIO_AFIODeInit                          0x08000401   Thumb Code    20  stm32f10x_gpio.o(.text)
    GPIO_Init                                0x08000415   Thumb Code   278  stm32f10x_gpio.o(.text)
    GPIO_StructInit                          0x0800052b   Thumb Code    16  stm32f10x_gpio.o(.text)
    GPIO_ReadInputDataBit                    0x0800053b   Thumb Code    18  stm32f10x_gpio.o(.text)
    GPIO_ReadInputData                       0x0800054d   Thumb Code     8  stm32f10x_gpio.o(.text)
    GPIO_ReadOutputDataBit                   0x08000555   Thumb Code    18  stm32f10x_gpio.o(.text)
    GPIO_ReadOutputData                      0x08000567   Thumb Code     8  stm32f10x_gpio.o(.text)
    GPIO_SetBits                             0x0800056f   Thumb Code     4  stm32f10x_gpio.o(.text)
    GPIO_ResetBits                           0x08000573   Thumb Code     4  stm32f10x_gpio.o(.text)
    GPIO_WriteBit                            0x08000577   Thumb Code    10  stm32f10x_gpio.o(.text)
    GPIO_Write                               0x08000581   Thumb Code     4  stm32f10x_gpio.o(.text)
    GPIO_PinLockConfig                       0x08000585   Thumb Code    18  stm32f10x_gpio.o(.text)
    GPIO_EventOutputConfig                   0x08000597   Thumb Code    26  stm32f10x_gpio.o(.text)
    GPIO_EventOutputCmd                      0x080005b1   Thumb Code     6  stm32f10x_gpio.o(.text)
    GPIO_PinRemapConfig                      0x080005b7   Thumb Code   138  stm32f10x_gpio.o(.text)
    GPIO_EXTILineConfig                      0x08000641   Thumb Code    66  stm32f10x_gpio.o(.text)
    GPIO_ETH_MediaInterfaceConfig            0x08000683   Thumb Code     8  stm32f10x_gpio.o(.text)
    RCC_DeInit                               0x080006b1   Thumb Code    64  stm32f10x_rcc.o(.text)
    RCC_HSEConfig                            0x080006f1   Thumb Code    70  stm32f10x_rcc.o(.text)
    RCC_GetFlagStatus                        0x08000737   Thumb Code    56  stm32f10x_rcc.o(.text)
    RCC_WaitForHSEStartUp                    0x0800076f   Thumb Code    56  stm32f10x_rcc.o(.text)
    RCC_AdjustHSICalibrationValue            0x080007a7   Thumb Code    20  stm32f10x_rcc.o(.text)
    RCC_HSICmd                               0x080007bb   Thumb Code     6  stm32f10x_rcc.o(.text)
    RCC_PLLConfig                            0x080007c1   Thumb Code    24  stm32f10x_rcc.o(.text)
    RCC_PLLCmd                               0x080007d9   Thumb Code     6  stm32f10x_rcc.o(.text)
    RCC_SYSCLKConfig                         0x080007df   Thumb Code    18  stm32f10x_rcc.o(.text)
    RCC_GetSYSCLKSource                      0x080007f1   Thumb Code    10  stm32f10x_rcc.o(.text)
    RCC_HCLKConfig                           0x080007fb   Thumb Code    18  stm32f10x_rcc.o(.text)
    RCC_PCLK1Config                          0x0800080d   Thumb Code    18  stm32f10x_rcc.o(.text)
    RCC_PCLK2Config                          0x0800081f   Thumb Code    20  stm32f10x_rcc.o(.text)
    RCC_ITConfig                             0x08000833   Thumb Code    26  stm32f10x_rcc.o(.text)
    RCC_USBCLKConfig                         0x0800084d   Thumb Code     8  stm32f10x_rcc.o(.text)
    RCC_ADCCLKConfig                         0x08000855   Thumb Code    18  stm32f10x_rcc.o(.text)
    RCC_LSEConfig                            0x08000867   Thumb Code    50  stm32f10x_rcc.o(.text)
    RCC_LSICmd                               0x08000899   Thumb Code     6  stm32f10x_rcc.o(.text)
    RCC_RTCCLKConfig                         0x0800089f   Thumb Code    12  stm32f10x_rcc.o(.text)
    RCC_RTCCLKCmd                            0x080008ab   Thumb Code     8  stm32f10x_rcc.o(.text)
    RCC_GetClocksFreq                        0x080008b3   Thumb Code   192  stm32f10x_rcc.o(.text)
    RCC_AHBPeriphClockCmd                    0x08000973   Thumb Code    26  stm32f10x_rcc.o(.text)
    RCC_APB2PeriphClockCmd                   0x0800098d   Thumb Code    26  stm32f10x_rcc.o(.text)
    RCC_APB1PeriphClockCmd                   0x080009a7   Thumb Code    26  stm32f10x_rcc.o(.text)
    RCC_APB2PeriphResetCmd                   0x080009c1   Thumb Code    26  stm32f10x_rcc.o(.text)
    RCC_APB1PeriphResetCmd                   0x080009db   Thumb Code    26  stm32f10x_rcc.o(.text)
    RCC_BackupResetCmd                       0x080009f5   Thumb Code     8  stm32f10x_rcc.o(.text)
    RCC_ClockSecuritySystemCmd               0x080009fd   Thumb Code     6  stm32f10x_rcc.o(.text)
    RCC_MCOConfig                            0x08000a03   Thumb Code     6  stm32f10x_rcc.o(.text)
    RCC_ClearFlag                            0x08000a09   Thumb Code    14  stm32f10x_rcc.o(.text)
    RCC_GetITStatus                          0x08000a17   Thumb Code    20  stm32f10x_rcc.o(.text)
    RCC_ClearITPendingBit                    0x08000a2b   Thumb Code     6  stm32f10x_rcc.o(.text)
    TIM_DeInit                               0x08000a55   Thumb Code   424  stm32f10x_tim.o(.text)
    TIM_TimeBaseInit                         0x08000bfd   Thumb Code   122  stm32f10x_tim.o(.text)
    TIM_OC1Init                              0x08000c77   Thumb Code   132  stm32f10x_tim.o(.text)
    TIM_OC2Init                              0x08000cfb   Thumb Code   154  stm32f10x_tim.o(.text)
    TIM_OC3Init                              0x08000d95   Thumb Code   150  stm32f10x_tim.o(.text)
    TIM_OC4Init                              0x08000e2b   Thumb Code   182  stm32f10x_tim.o(.text)
    TIM_SetIC4Prescaler                      0x08000ee1   Thumb Code    26  stm32f10x_tim.o(.text)
    TIM_SetIC3Prescaler                      0x08000f7d   Thumb Code    18  stm32f10x_tim.o(.text)
    TIM_SetIC2Prescaler                      0x08001009   Thumb Code    26  stm32f10x_tim.o(.text)
    TIM_SetIC1Prescaler                      0x080010a5   Thumb Code    18  stm32f10x_tim.o(.text)
    TIM_ICInit                               0x08001123   Thumb Code   150  stm32f10x_tim.o(.text)
    TIM_PWMIConfig                           0x080011b9   Thumb Code   124  stm32f10x_tim.o(.text)
    TIM_BDTRConfig                           0x08001235   Thumb Code    32  stm32f10x_tim.o(.text)
    TIM_TimeBaseStructInit                   0x08001255   Thumb Code    18  stm32f10x_tim.o(.text)
    TIM_OCStructInit                         0x08001267   Thumb Code    20  stm32f10x_tim.o(.text)
    TIM_ICStructInit                         0x0800127b   Thumb Code    18  stm32f10x_tim.o(.text)
    TIM_BDTRStructInit                       0x0800128d   Thumb Code    40  stm32f10x_tim.o(.text)
    TIM_Cmd                                  0x080012b5   Thumb Code    24  stm32f10x_tim.o(.text)
    TIM_CtrlPWMOutputs                       0x080012cd   Thumb Code    30  stm32f10x_tim.o(.text)
    TIM_ITConfig                             0x080012eb   Thumb Code    18  stm32f10x_tim.o(.text)
    TIM_GenerateEvent                        0x080012fd   Thumb Code     4  stm32f10x_tim.o(.text)
    TIM_DMAConfig                            0x08001301   Thumb Code    10  stm32f10x_tim.o(.text)
    TIM_DMACmd                               0x0800130b   Thumb Code    18  stm32f10x_tim.o(.text)
    TIM_InternalClockConfig                  0x0800131d   Thumb Code    12  stm32f10x_tim.o(.text)
    TIM_SelectInputTrigger                   0x08001329   Thumb Code    18  stm32f10x_tim.o(.text)
    TIM_ITRxExternalClockConfig              0x0800133b   Thumb Code    24  stm32f10x_tim.o(.text)
    TIM_TIxExternalClockConfig               0x08001353   Thumb Code    62  stm32f10x_tim.o(.text)
    TIM_ETRConfig                            0x08001391   Thumb Code    28  stm32f10x_tim.o(.text)
    TIM_ETRClockMode1Config                  0x080013ad   Thumb Code    54  stm32f10x_tim.o(.text)
    TIM_ETRClockMode2Config                  0x080013e3   Thumb Code    32  stm32f10x_tim.o(.text)
    TIM_PrescalerConfig                      0x08001403   Thumb Code     6  stm32f10x_tim.o(.text)
    TIM_CounterModeConfig                    0x08001409   Thumb Code    18  stm32f10x_tim.o(.text)
    TIM_EncoderInterfaceConfig               0x0800141b   Thumb Code    66  stm32f10x_tim.o(.text)
    TIM_ForcedOC1Config                      0x0800145d   Thumb Code    18  stm32f10x_tim.o(.text)
    TIM_ForcedOC2Config                      0x0800146f   Thumb Code    26  stm32f10x_tim.o(.text)
    TIM_ForcedOC3Config                      0x08001489   Thumb Code    18  stm32f10x_tim.o(.text)
    TIM_ForcedOC4Config                      0x0800149b   Thumb Code    26  stm32f10x_tim.o(.text)
    TIM_ARRPreloadConfig                     0x080014b5   Thumb Code    24  stm32f10x_tim.o(.text)
    TIM_SelectCOM                            0x080014cd   Thumb Code    24  stm32f10x_tim.o(.text)
    TIM_SelectCCDMA                          0x080014e5   Thumb Code    24  stm32f10x_tim.o(.text)
    TIM_CCPreloadControl                     0x080014fd   Thumb Code    24  stm32f10x_tim.o(.text)
    TIM_OC1PreloadConfig                     0x08001515   Thumb Code    18  stm32f10x_tim.o(.text)
    TIM_OC2PreloadConfig                     0x08001527   Thumb Code    26  stm32f10x_tim.o(.text)
    TIM_OC3PreloadConfig                     0x08001541   Thumb Code    18  stm32f10x_tim.o(.text)
    TIM_OC4PreloadConfig                     0x08001553   Thumb Code    26  stm32f10x_tim.o(.text)
    TIM_OC1FastConfig                        0x0800156d   Thumb Code    18  stm32f10x_tim.o(.text)
    TIM_OC2FastConfig                        0x0800157f   Thumb Code    26  stm32f10x_tim.o(.text)
    TIM_OC3FastConfig                        0x08001599   Thumb Code    18  stm32f10x_tim.o(.text)
    TIM_OC4FastConfig                        0x080015ab   Thumb Code    26  stm32f10x_tim.o(.text)
    TIM_ClearOC1Ref                          0x080015c5   Thumb Code    18  stm32f10x_tim.o(.text)
    TIM_ClearOC2Ref                          0x080015d7   Thumb Code    24  stm32f10x_tim.o(.text)
    TIM_ClearOC3Ref                          0x080015ef   Thumb Code    18  stm32f10x_tim.o(.text)
    TIM_ClearOC4Ref                          0x08001601   Thumb Code    24  stm32f10x_tim.o(.text)
    TIM_OC1PolarityConfig                    0x08001619   Thumb Code    18  stm32f10x_tim.o(.text)
    TIM_OC1NPolarityConfig                   0x0800162b   Thumb Code    18  stm32f10x_tim.o(.text)
    TIM_OC2PolarityConfig                    0x0800163d   Thumb Code    26  stm32f10x_tim.o(.text)
    TIM_OC2NPolarityConfig                   0x08001657   Thumb Code    26  stm32f10x_tim.o(.text)
    TIM_OC3PolarityConfig                    0x08001671   Thumb Code    26  stm32f10x_tim.o(.text)
    TIM_OC3NPolarityConfig                   0x0800168b   Thumb Code    26  stm32f10x_tim.o(.text)
    TIM_OC4PolarityConfig                    0x080016a5   Thumb Code    26  stm32f10x_tim.o(.text)
    TIM_CCxCmd                               0x080016bf   Thumb Code    30  stm32f10x_tim.o(.text)
    TIM_CCxNCmd                              0x080016dd   Thumb Code    30  stm32f10x_tim.o(.text)
    TIM_SelectOCxM                           0x080016fb   Thumb Code    82  stm32f10x_tim.o(.text)
    TIM_UpdateDisableConfig                  0x0800174d   Thumb Code    24  stm32f10x_tim.o(.text)
    TIM_UpdateRequestConfig                  0x08001765   Thumb Code    24  stm32f10x_tim.o(.text)
    TIM_SelectHallSensor                     0x0800177d   Thumb Code    24  stm32f10x_tim.o(.text)
    TIM_SelectOnePulseMode                   0x08001795   Thumb Code    18  stm32f10x_tim.o(.text)
    TIM_SelectOutputTrigger                  0x080017a7   Thumb Code    18  stm32f10x_tim.o(.text)
    TIM_SelectSlaveMode                      0x080017b9   Thumb Code    18  stm32f10x_tim.o(.text)
    TIM_SelectMasterSlaveMode                0x080017cb   Thumb Code    18  stm32f10x_tim.o(.text)
    TIM_SetCounter                           0x080017dd   Thumb Code     4  stm32f10x_tim.o(.text)
    TIM_SetAutoreload                        0x080017e1   Thumb Code     4  stm32f10x_tim.o(.text)
    TIM_SetCompare1                          0x080017e5   Thumb Code     4  stm32f10x_tim.o(.text)
    TIM_SetCompare2                          0x080017e9   Thumb Code     4  stm32f10x_tim.o(.text)
    TIM_SetCompare3                          0x080017ed   Thumb Code     4  stm32f10x_tim.o(.text)
    TIM_SetCompare4                          0x080017f1   Thumb Code     6  stm32f10x_tim.o(.text)
    TIM_SetClockDivision                     0x080017f7   Thumb Code    18  stm32f10x_tim.o(.text)
    TIM_GetCapture1                          0x08001809   Thumb Code     6  stm32f10x_tim.o(.text)
    TIM_GetCapture2                          0x0800180f   Thumb Code     6  stm32f10x_tim.o(.text)
    TIM_GetCapture3                          0x08001815   Thumb Code     6  stm32f10x_tim.o(.text)
    TIM_GetCapture4                          0x0800181b   Thumb Code     8  stm32f10x_tim.o(.text)
    TIM_GetCounter                           0x08001823   Thumb Code     6  stm32f10x_tim.o(.text)
    TIM_GetPrescaler                         0x08001829   Thumb Code     6  stm32f10x_tim.o(.text)
    TIM_GetFlagStatus                        0x0800182f   Thumb Code    18  stm32f10x_tim.o(.text)
    TIM_ClearFlag                            0x08001841   Thumb Code     6  stm32f10x_tim.o(.text)
    TIM_GetITStatus                          0x08001847   Thumb Code    34  stm32f10x_tim.o(.text)
    TIM_ClearITPendingBit                    0x08001869   Thumb Code     6  stm32f10x_tim.o(.text)
    USART_DeInit                             0x08001871   Thumb Code   134  stm32f10x_usart.o(.text)
    USART_Init                               0x080018f7   Thumb Code   210  stm32f10x_usart.o(.text)
    USART_StructInit                         0x080019c9   Thumb Code    24  stm32f10x_usart.o(.text)
    USART_ClockInit                          0x080019e1   Thumb Code    34  stm32f10x_usart.o(.text)
    USART_ClockStructInit                    0x08001a03   Thumb Code    12  stm32f10x_usart.o(.text)
    USART_Cmd                                0x08001a0f   Thumb Code    24  stm32f10x_usart.o(.text)
    USART_ITConfig                           0x08001a27   Thumb Code    74  stm32f10x_usart.o(.text)
    USART_DMACmd                             0x08001a71   Thumb Code    18  stm32f10x_usart.o(.text)
    USART_SetAddress                         0x08001a83   Thumb Code    18  stm32f10x_usart.o(.text)
    USART_WakeUpConfig                       0x08001a95   Thumb Code    18  stm32f10x_usart.o(.text)
    USART_ReceiverWakeUpCmd                  0x08001aa7   Thumb Code    24  stm32f10x_usart.o(.text)
    USART_LINBreakDetectLengthConfig         0x08001abf   Thumb Code    18  stm32f10x_usart.o(.text)
    USART_LINCmd                             0x08001ad1   Thumb Code    24  stm32f10x_usart.o(.text)
    USART_SendData                           0x08001ae9   Thumb Code     8  stm32f10x_usart.o(.text)
    USART_ReceiveData                        0x08001af1   Thumb Code    10  stm32f10x_usart.o(.text)
    USART_SendBreak                          0x08001afb   Thumb Code    10  stm32f10x_usart.o(.text)
    USART_SetGuardTime                       0x08001b05   Thumb Code    16  stm32f10x_usart.o(.text)
    USART_SetPrescaler                       0x08001b15   Thumb Code    16  stm32f10x_usart.o(.text)
    USART_SmartCardCmd                       0x08001b25   Thumb Code    24  stm32f10x_usart.o(.text)
    USART_SmartCardNACKCmd                   0x08001b3d   Thumb Code    24  stm32f10x_usart.o(.text)
    USART_HalfDuplexCmd                      0x08001b55   Thumb Code    24  stm32f10x_usart.o(.text)
    USART_OverSampling8Cmd                   0x08001b6d   Thumb Code    22  stm32f10x_usart.o(.text)
    USART_OneBitMethodCmd                    0x08001b83   Thumb Code    24  stm32f10x_usart.o(.text)
    USART_IrDAConfig                         0x08001b9b   Thumb Code    18  stm32f10x_usart.o(.text)
    USART_IrDACmd                            0x08001bad   Thumb Code    24  stm32f10x_usart.o(.text)
    USART_GetFlagStatus                      0x08001bc5   Thumb Code    26  stm32f10x_usart.o(.text)
    USART_ClearFlag                          0x08001bdf   Thumb Code    18  stm32f10x_usart.o(.text)
    USART_GetITStatus                        0x08001bf1   Thumb Code    84  stm32f10x_usart.o(.text)
    USART_ClearITPendingBit                  0x08001c45   Thumb Code    52  stm32f10x_usart.o(.text)
    SystemInit                               0x08001d57   Thumb Code    78  system_stm32f10x.o(.text)
    SystemCoreClockUpdate                    0x08001da5   Thumb Code   142  system_stm32f10x.o(.text)
    LED_Init                                 0x08001e59   Thumb Code    40  led.o(.text)
    KEY_Init                                 0x08001e85   Thumb Code    34  key.o(.text)
    MiniBalance_Motor_Init                   0x08001ead   Thumb Code   206  motor.o(.text)
    MiniBalance_PWM_Init                     0x08001f7b   Thumb Code   286  motor.o(.text)
    Encoder_Init_TIM2                        0x080020c5   Thumb Code   224  encoder.o(.text)
    Encoder_Init_TIM3                        0x080021a5   Thumb Code   212  encoder.o(.text)
    Encoder_Init_TIM4                        0x08002279   Thumb Code   208  encoder.o(.text)
    Encoder_Init_TIM5                        0x08002349   Thumb Code   212  encoder.o(.text)
    Read_Encoder                             0x0800241d   Thumb Code   100  encoder.o(.text)
    TIM2_IRQHandler                          0x08002481   Thumb Code    24  encoder.o(.text)
    TIM3_IRQHandler                          0x08002499   Thumb Code    52  encoder.o(.text)
    TIM4_IRQHandler                          0x080024cd   Thumb Code    18  encoder.o(.text)
    TIM5_IRQHandler                          0x080024df   Thumb Code    18  encoder.o(.text)
    InitQueue                                0x080024f9   Thumb Code    62  bluetooth.o(.text)
    InQueue                                  0x08002537   Thumb Code    60  bluetooth.o(.text)
    OutQueue                                 0x08002573   Thumb Code    84  bluetooth.o(.text)
    InspectQueue                             0x080025c7   Thumb Code    24  bluetooth.o(.text)
    PrintQueue                               0x080025df   Thumb Code    38  bluetooth.o(.text)
    USART3_Send_Data                         0x08002605   Thumb Code    36  bluetooth.o(.text)
    USART3_Init                              0x08002629   Thumb Code   180  bluetooth.o(.text)
    USART3_IRQHandler                        0x080026dd   Thumb Code    30  bluetooth.o(.text)
    Adc_Init                                 0x08002781   Thumb Code   282  adc.o(.text)
    Get_Adc                                  0x0800289b   Thumb Code    68  adc.o(.text)
    Get_battery_volt                         0x080028df   Thumb Code    90  adc.o(.text)
    IIC_Init                                 0x0800295d   Thumb Code    36  ioi2c.o(.text)
    IIC_Start                                0x08002981   Thumb Code    92  ioi2c.o(.text)
    IIC_Stop                                 0x080029dd   Thumb Code    64  ioi2c.o(.text)
    IIC_Wait_Ack                             0x08002a1d   Thumb Code    92  ioi2c.o(.text)
    IIC_Ack                                  0x08002a79   Thumb Code    68  ioi2c.o(.text)
    IIC_NAck                                 0x08002abd   Thumb Code    66  ioi2c.o(.text)
    IIC_Send_Byte                            0x08002aff   Thumb Code    90  ioi2c.o(.text)
    i2cWrite                                 0x08002b59   Thumb Code    96  ioi2c.o(.text)
    IIC_Read_Byte                            0x08002bb9   Thumb Code   100  ioi2c.o(.text)
    i2cRead                                  0x08002c1d   Thumb Code   118  ioi2c.o(.text)
    I2C_ReadOneByte                          0x08002c93   Thumb Code    70  ioi2c.o(.text)
    IICreadBytes                             0x08002cd9   Thumb Code   116  ioi2c.o(.text)
    IICwriteBytes                            0x08002d4d   Thumb Code    70  ioi2c.o(.text)
    IICreadByte                              0x08002d93   Thumb Code    22  ioi2c.o(.text)
    IICwriteByte                             0x08002da9   Thumb Code    20  ioi2c.o(.text)
    IICwriteBits                             0x08002dbd   Thumb Code   106  ioi2c.o(.text)
    IICwriteBit                              0x08002e27   Thumb Code    64  ioi2c.o(.text)
    MPU6050_newValues                        0x08002f75   Thumb Code   494  mpu6050.o(.text)
    MPU6050_setClockSource                   0x08003163   Thumb Code    20  mpu6050.o(.text)
    MPU6050_setFullScaleGyroRange            0x08003177   Thumb Code    20  mpu6050.o(.text)
    MPU6050_setFullScaleAccelRange           0x0800318b   Thumb Code    20  mpu6050.o(.text)
    MPU6050_setSleepEnabled                  0x0800319f   Thumb Code    18  mpu6050.o(.text)
    MPU6050_getDeviceID                      0x080031b1   Thumb Code    20  mpu6050.o(.text)
    MPU6050_testConnection                   0x080031c5   Thumb Code    18  mpu6050.o(.text)
    MPU6050_setI2CMasterModeEnabled          0x080031d7   Thumb Code    18  mpu6050.o(.text)
    MPU6050_setI2CBypassEnabled              0x080031e9   Thumb Code    18  mpu6050.o(.text)
    MPU6050_initialize                       0x080031fb   Thumb Code    40  mpu6050.o(.text)
    DMP_Init                                 0x08003223   Thumb Code   194  mpu6050.o(.text)
    Read_DMP                                 0x080032e5   Thumb Code   976  mpu6050.o(.text)
    Read_Temperature                         0x080036b5   Thumb Code   110  mpu6050.o(.text)
    mpu_reg_dump                             0x080037e7   Thumb Code    72  inv_mpu.o(.text)
    mpu_read_reg                             0x0800382f   Thumb Code    66  inv_mpu.o(.text)
    mpu_set_int_latched                      0x08003871   Thumb Code   102  inv_mpu.o(.text)
    mpu_set_sensors                          0x080038d7   Thumb Code   202  inv_mpu.o(.text)
    mpu_set_bypass                           0x080039a1   Thumb Code   328  inv_mpu.o(.text)
    mpu_reset_fifo                           0x08003ae9   Thumb Code   444  inv_mpu.o(.text)
    mpu_configure_fifo                       0x08003ca5   Thumb Code   106  inv_mpu.o(.text)
    mpu_set_lpf                              0x08003d0f   Thumb Code   126  inv_mpu.o(.text)
    mpu_lp_accel_mode                        0x08003d8d   Thumb Code   218  inv_mpu.o(.text)
    mpu_set_sample_rate                      0x08003e67   Thumb Code   152  inv_mpu.o(.text)
    mpu_set_accel_fsr                        0x08003eff   Thumb Code   132  inv_mpu.o(.text)
    mpu_set_gyro_fsr                         0x08003f83   Thumb Code   132  inv_mpu.o(.text)
    mpu_init                                 0x08004007   Thumb Code   416  inv_mpu.o(.text)
    myget_ms                                 0x080041a7   Thumb Code     2  inv_mpu.o(.text)
    mpu_get_gyro_reg                         0x080041a9   Thumb Code   110  inv_mpu.o(.text)
    mpu_get_accel_reg                        0x08004217   Thumb Code   110  inv_mpu.o(.text)
    mpu_get_temperature                      0x08004285   Thumb Code   150  inv_mpu.o(.text)
    mpu_set_accel_bias                       0x0800431b   Thumb Code   468  inv_mpu.o(.text)
    mpu_get_gyro_fsr                         0x080044ef   Thumb Code    64  inv_mpu.o(.text)
    mpu_get_accel_fsr                        0x0800452f   Thumb Code    72  inv_mpu.o(.text)
    mpu_get_lpf                              0x08004577   Thumb Code    74  inv_mpu.o(.text)
    mpu_get_sample_rate                      0x080045c1   Thumb Code    26  inv_mpu.o(.text)
    mpu_get_compass_sample_rate              0x080045db   Thumb Code    10  inv_mpu.o(.text)
    mpu_set_compass_sample_rate              0x080045e5   Thumb Code     8  inv_mpu.o(.text)
    mpu_get_gyro_sens                        0x080045ed   Thumb Code    58  inv_mpu.o(.text)
    mpu_get_accel_sens                       0x08004627   Thumb Code    78  inv_mpu.o(.text)
    mpu_get_fifo_config                      0x08004675   Thumb Code    12  inv_mpu.o(.text)
    mpu_get_power_state                      0x08004681   Thumb Code    22  inv_mpu.o(.text)
    mpu_get_int_status                       0x08004697   Thumb Code    64  inv_mpu.o(.text)
    mpu_read_fifo                            0x080046d7   Thumb Code   520  inv_mpu.o(.text)
    mpu_read_fifo_stream                     0x080048df   Thumb Code   186  inv_mpu.o(.text)
    mpu_set_int_level                        0x08004999   Thumb Code    12  inv_mpu.o(.text)
    mpu_set_dmp_state                        0x08005077   Thumb Code   138  inv_mpu.o(.text)
    mpu_run_self_test                        0x08005101   Thumb Code   278  inv_mpu.o(.text)
    mpu_write_mem                            0x08005217   Thumb Code   122  inv_mpu.o(.text)
    mpu_read_mem                             0x08005291   Thumb Code   122  inv_mpu.o(.text)
    mpu_load_firmware                        0x0800530b   Thumb Code   192  inv_mpu.o(.text)
    mpu_get_dmp_state                        0x080053cb   Thumb Code    14  inv_mpu.o(.text)
    mpu_get_compass_reg                      0x080053d9   Thumb Code     8  inv_mpu.o(.text)
    mpu_get_compass_fsr                      0x080053e1   Thumb Code     8  inv_mpu.o(.text)
    mpu_lp_motion_interrupt                  0x080053e9   Thumb Code   512  inv_mpu.o(.text)
    dmp_load_motion_driver_firmware          0x080055ed   Thumb Code    20  inv_mpu_dmp_motion_driver.o(.text)
    dmp_set_orientation                      0x08005601   Thumb Code   290  inv_mpu_dmp_motion_driver.o(.text)
    dmp_set_gyro_bias                        0x08005723   Thumb Code   294  inv_mpu_dmp_motion_driver.o(.text)
    dmp_set_accel_bias                       0x08005849   Thumb Code   300  inv_mpu_dmp_motion_driver.o(.text)
    dmp_set_fifo_rate                        0x08005975   Thumb Code   136  inv_mpu_dmp_motion_driver.o(.text)
    dmp_get_fifo_rate                        0x080059fd   Thumb Code    12  inv_mpu_dmp_motion_driver.o(.text)
    dmp_set_tap_thresh                       0x08005a09   Thumb Code   396  inv_mpu_dmp_motion_driver.o(.text)
    dmp_set_tap_axes                         0x08005b95   Thumb Code    70  inv_mpu_dmp_motion_driver.o(.text)
    dmp_set_tap_count                        0x08005bdb   Thumb Code    38  inv_mpu_dmp_motion_driver.o(.text)
    dmp_set_tap_time                         0x08005c01   Thumb Code    38  inv_mpu_dmp_motion_driver.o(.text)
    dmp_set_tap_time_multi                   0x08005c27   Thumb Code    38  inv_mpu_dmp_motion_driver.o(.text)
    dmp_set_shake_reject_thresh              0x08005c4d   Thumb Code    56  inv_mpu_dmp_motion_driver.o(.text)
    dmp_set_shake_reject_time                0x08005c85   Thumb Code    38  inv_mpu_dmp_motion_driver.o(.text)
    dmp_set_shake_reject_timeout             0x08005cab   Thumb Code    38  inv_mpu_dmp_motion_driver.o(.text)
    dmp_get_pedometer_step_count             0x08005cd1   Thumb Code    66  inv_mpu_dmp_motion_driver.o(.text)
    dmp_set_pedometer_step_count             0x08005d13   Thumb Code    42  inv_mpu_dmp_motion_driver.o(.text)
    dmp_get_pedometer_walk_time              0x08005d3d   Thumb Code    72  inv_mpu_dmp_motion_driver.o(.text)
    dmp_set_pedometer_walk_time              0x08005d85   Thumb Code    48  inv_mpu_dmp_motion_driver.o(.text)
    dmp_enable_6x_lp_quat                    0x08005db5   Thumb Code    84  inv_mpu_dmp_motion_driver.o(.text)
    dmp_enable_lp_quat                       0x08005e09   Thumb Code    60  inv_mpu_dmp_motion_driver.o(.text)
    dmp_enable_gyro_cal                      0x08005e45   Thumb Code    62  inv_mpu_dmp_motion_driver.o(.text)
    dmp_enable_feature                       0x08005e83   Thumb Code   530  inv_mpu_dmp_motion_driver.o(.text)
    dmp_get_enabled_features                 0x08006095   Thumb Code    12  inv_mpu_dmp_motion_driver.o(.text)
    dmp_set_interrupt_mode                   0x080060ff   Thumb Code    66  inv_mpu_dmp_motion_driver.o(.text)
    dmp_read_fifo                            0x08006141   Thumb Code   514  inv_mpu_dmp_motion_driver.o(.text)
    dmp_register_tap_cb                      0x08006343   Thumb Code    10  inv_mpu_dmp_motion_driver.o(.text)
    dmp_register_android_orient_cb           0x0800634d   Thumb Code    10  inv_mpu_dmp_motion_driver.o(.text)
    Kinematic_Analysis                       0x0800635d   Thumb Code   166  control.o(.text)
    myabs                                    0x08006403   Thumb Code    14  control.o(.text)
    Set_Pwm                                  0x08006411   Thumb Code   194  control.o(.text)
    Xianfu_Pwm                               0x080064d3   Thumb Code   114  control.o(.text)
    Get_RC                                   0x08006545   Thumb Code   882  control.o(.text)
    Incremental_PI_D                         0x080068b7   Thumb Code   146  control.o(.text)
    Incremental_PI_C                         0x08006949   Thumb Code   146  control.o(.text)
    Incremental_PI_B                         0x080069db   Thumb Code   146  control.o(.text)
    Incremental_PI_A                         0x08006a6d   Thumb Code   146  control.o(.text)
    EXTI15_10_IRQHandler                     0x08006aff   Thumb Code   800  control.o(.text)
    Turn_Off                                 0x08006e1f   Thumb Code    40  control.o(.text)
    EXTI15_Init                              0x08006ec1   Thumb Code    76  exti.o(.text)
    PS2_Init                                 0x08006f15   Thumb Code   108  pstwo.o(.text)
    PS2_Cmd                                  0x08006f81   Thumb Code   128  pstwo.o(.text)
    PS2_RedLight                             0x08007001   Thumb Code    50  pstwo.o(.text)
    PS2_ReadData                             0x08007033   Thumb Code   166  pstwo.o(.text)
    PS2_ClearData                            0x080070d9   Thumb Code    20  pstwo.o(.text)
    PS2_DataKey                              0x080070ed   Thumb Code    70  pstwo.o(.text)
    PS2_AnologData                           0x08007133   Thumb Code     8  pstwo.o(.text)
    PS2_Vibration                            0x0800713b   Thumb Code    90  pstwo.o(.text)
    PS2_ShortPoll                            0x08007195   Thumb Code    62  pstwo.o(.text)
    PS2_EnterConfing                         0x080071d3   Thumb Code    86  pstwo.o(.text)
    PS2_TurnOnAnalogMode                     0x08007229   Thumb Code    80  pstwo.o(.text)
    PS2_VibrationMode                        0x08007279   Thumb Code    62  pstwo.o(.text)
    PS2_ExitConfing                          0x080072b7   Thumb Code   130  pstwo.o(.text)
    PS2_SetInit                              0x08007339   Thumb Code    28  pstwo.o(.text)
    PS2_Receive                              0x08007355   Thumb Code    52  pstwo.o(.text)
    MY_NVIC_SetVectorTable                   0x0800739d   Thumb Code    12  sys.o(.text)
    MY_NVIC_PriorityGroupConfig              0x080073a9   Thumb Code    36  sys.o(.text)
    MY_NVIC_Init                             0x080073cd   Thumb Code   116  sys.o(.text)
    Ex_NVIC_Config                           0x08007441   Thumb Code   146  sys.o(.text)
    MYRCC_DeInit                             0x080074d3   Thumb Code    78  sys.o(.text)
    delay_us                                 0x08007545   Thumb Code    54  systick.o(.text)
    delay_ms                                 0x0800757b   Thumb Code    56  systick.o(.text)
    fputc                                    0x080075b5   Thumb Code    32  usart.o(.text)
    USART1_Init                              0x080075d5   Thumb Code   174  usart.o(.text)
    USART1_IRQHandler                        0x08007683   Thumb Code    58  usart.o(.text)
    __aeabi_ldivmod                          0x080076c9   Thumb Code    98  ldiv.o(.text)
    __aeabi_memset                           0x0800772b   Thumb Code    14  memseta.o(.text)
    __aeabi_memset4                          0x0800772b   Thumb Code     0  memseta.o(.text)
    __aeabi_memset8                          0x0800772b   Thumb Code     0  memseta.o(.text)
    __aeabi_memclr                           0x08007739   Thumb Code     4  memseta.o(.text)
    __aeabi_memclr4                          0x08007739   Thumb Code     0  memseta.o(.text)
    __aeabi_memclr8                          0x08007739   Thumb Code     0  memseta.o(.text)
    _memset$wrapper                          0x0800773d   Thumb Code    18  memseta.o(.text)
    memcmp                                   0x0800774f   Thumb Code    26  memcmp.o(.text)
    __aeabi_fadd                             0x08007769   Thumb Code   164  fadd.o(.text)
    __aeabi_fsub                             0x0800780d   Thumb Code     6  fadd.o(.text)
    __aeabi_frsub                            0x08007813   Thumb Code     6  fadd.o(.text)
    __aeabi_fmul                             0x08007819   Thumb Code   100  fmul.o(.text)
    __aeabi_fdiv                             0x0800787d   Thumb Code   124  fdiv.o(.text)
    __aeabi_dadd                             0x080078f9   Thumb Code   322  dadd.o(.text)
    __aeabi_dsub                             0x08007a3b   Thumb Code     6  dadd.o(.text)
    __aeabi_drsub                            0x08007a41   Thumb Code     6  dadd.o(.text)
    __aeabi_dmul                             0x08007a47   Thumb Code   228  dmul.o(.text)
    __aeabi_ddiv                             0x08007b2b   Thumb Code   222  ddiv.o(.text)
    __aeabi_i2f                              0x08007c09   Thumb Code    18  fflti.o(.text)
    __aeabi_ui2f                             0x08007c1b   Thumb Code    10  ffltui.o(.text)
    __aeabi_ui2d                             0x08007c25   Thumb Code    26  dfltui.o(.text)
    __aeabi_f2iz                             0x08007c3f   Thumb Code    50  ffixi.o(.text)
    __aeabi_f2uiz                            0x08007c71   Thumb Code    40  ffixui.o(.text)
    __aeabi_d2iz                             0x08007c99   Thumb Code    62  dfixi.o(.text)
    __aeabi_f2d                              0x08007cd7   Thumb Code    38  f2d.o(.text)
    __aeabi_d2f                              0x08007cfd   Thumb Code    56  d2f.o(.text)
    __aeabi_cfcmpeq                          0x08007d35   Thumb Code     0  cfcmple.o(.text)
    __aeabi_cfcmple                          0x08007d35   Thumb Code    20  cfcmple.o(.text)
    __aeabi_cfrcmple                         0x08007d49   Thumb Code    20  cfrcmple.o(.text)
    __aeabi_uidiv                            0x08007d5d   Thumb Code     0  uidiv.o(.text)
    __aeabi_uidivmod                         0x08007d5d   Thumb Code    44  uidiv.o(.text)
    __aeabi_uldivmod                         0x08007d89   Thumb Code    98  uldiv.o(.text)
    __aeabi_llsl                             0x08007deb   Thumb Code    30  llshl.o(.text)
    _ll_shift_l                              0x08007deb   Thumb Code     0  llshl.o(.text)
    __aeabi_llsr                             0x08007e09   Thumb Code    32  llushr.o(.text)
    _ll_ushift_r                             0x08007e09   Thumb Code     0  llushr.o(.text)
    __aeabi_lasr                             0x08007e29   Thumb Code    36  llsshr.o(.text)
    _ll_sshift_r                             0x08007e29   Thumb Code     0  llsshr.o(.text)
    __I$use$fp                               0x08007e4d   Thumb Code     0  iusefp.o(.text)
    _float_round                             0x08007e4d   Thumb Code    18  fepilogue.o(.text)
    _float_epilogue                          0x08007e5f   Thumb Code    92  fepilogue.o(.text)
    _double_round                            0x08007ebb   Thumb Code    30  depilogue.o(.text)
    _double_epilogue                         0x08007ed9   Thumb Code   156  depilogue.o(.text)
    __ARM_scalbn                             0x08007f75   Thumb Code    46  dscalb.o(.text)
    scalbn                                   0x08007f75   Thumb Code     0  dscalb.o(.text)
    __aeabi_cdcmpeq                          0x08007fa5   Thumb Code     0  cdcmple.o(.text)
    __aeabi_cdcmple                          0x08007fa5   Thumb Code    48  cdcmple.o(.text)
    __scatterload                            0x08007fd5   Thumb Code    28  init.o(.text)
    __scatterload_rt2                        0x08007fd5   Thumb Code     0  init.o(.text)
    _dsqrt                                   0x08007ff9   Thumb Code   162  dsqrt.o(.text)
    __decompress                             0x0800809b   Thumb Code     0  __dczerorl2.o(.text)
    __decompress1                            0x0800809b   Thumb Code    86  __dczerorl2.o(.text)
    __0printf$3                              0x080080f1   Thumb Code    22  printf3.o(i.__0printf$3)
    __1printf$3                              0x080080f1   Thumb Code     0  printf3.o(i.__0printf$3)
    __2printf                                0x080080f1   Thumb Code     0  printf3.o(i.__0printf$3)
    __ARM_fpclassify                         0x08008111   Thumb Code    40  fpclassify.o(i.__ARM_fpclassify)
    __kernel_poly                            0x08008139   Thumb Code   170  poly.o(i.__kernel_poly)
    __mathlib_dbl_infnan                     0x080081e3   Thumb Code     6  dunder.o(i.__mathlib_dbl_infnan)
    __mathlib_dbl_infnan2                    0x080081e9   Thumb Code     4  dunder.o(i.__mathlib_dbl_infnan2)
    __mathlib_dbl_invalid                    0x080081ed   Thumb Code    12  dunder.o(i.__mathlib_dbl_invalid)
    __mathlib_dbl_underflow                  0x080081f9   Thumb Code    10  dunder.o(i.__mathlib_dbl_underflow)
    __scatterload_copy                       0x08008209   Thumb Code    14  handlers.o(i.__scatterload_copy)
    __scatterload_null                       0x08008217   Thumb Code     2  handlers.o(i.__scatterload_null)
    __scatterload_zeroinit                   0x08008219   Thumb Code    14  handlers.o(i.__scatterload_zeroinit)
    __set_errno                              0x08008229   Thumb Code     6  errno.o(i.__set_errno)
    asin                                     0x080083ed   Thumb Code   572  asin.o(i.asin)
    atan                                     0x0800865d   Thumb Code   474  atan.o(i.atan)
    atan2                                    0x0800887d   Thumb Code   374  atan2.o(i.atan2)
    free                                     0x08008a19   Thumb Code    76  malloc.o(i.free)
    malloc                                   0x08008a69   Thumb Code    92  malloc.o(i.malloc)
    sqrt                                     0x08008ad5   Thumb Code    76  sqrt.o(i.sqrt)
    hw                                       0x08008b20   Data          12  inv_mpu.o(.constdata)
    reg                                      0x08008b2c   Data          27  inv_mpu.o(.constdata)
    test                                     0x08008b48   Data          40  inv_mpu.o(.constdata)
    __mathlib_zero                           0x08009850   Data           8  qnan.o(.constdata)
    Region$$Table$$Base                      0x080098a8   Number         0  anon$$obj.o(Region$$Table)
    Region$$Table$$Limit                     0x080098c8   Number         0  anon$$obj.o(Region$$Table)
    Flag_Left                                0x20000000   Data           1  moebius.o(.data)
    Flag_Right                               0x20000001   Data           1  moebius.o(.data)
    Flag_Direction                           0x20000002   Data           1  moebius.o(.data)
    Flag_Stop                                0x20000003   Data           1  moebius.o(.data)
    Flag_Show                                0x20000004   Data           1  moebius.o(.data)
    Encoder_A                                0x20000008   Data           4  moebius.o(.data)
    Encoder_B                                0x2000000c   Data           4  moebius.o(.data)
    Encoder_C                                0x20000010   Data           4  moebius.o(.data)
    Encoder_D                                0x20000014   Data           4  moebius.o(.data)
    Position_A                               0x20000018   Data           4  moebius.o(.data)
    Position_B                               0x2000001c   Data           4  moebius.o(.data)
    Position_C                               0x20000020   Data           4  moebius.o(.data)
    Position_D                               0x20000024   Data           4  moebius.o(.data)
    Rate_A                                   0x20000028   Data           4  moebius.o(.data)
    Rate_B                                   0x2000002c   Data           4  moebius.o(.data)
    Rate_C                                   0x20000030   Data           4  moebius.o(.data)
    Rate_D                                   0x20000034   Data           4  moebius.o(.data)
    Encoder_A_EXTI                           0x20000038   Data           4  moebius.o(.data)
    Motor_A                                  0x2000003c   Data           4  moebius.o(.data)
    Motor_B                                  0x20000040   Data           4  moebius.o(.data)
    Motor_C                                  0x20000044   Data           4  moebius.o(.data)
    Motor_D                                  0x20000048   Data           4  moebius.o(.data)
    Target_A                                 0x2000004c   Data           4  moebius.o(.data)
    Target_B                                 0x20000050   Data           4  moebius.o(.data)
    Target_C                                 0x20000054   Data           4  moebius.o(.data)
    Target_D                                 0x20000058   Data           4  moebius.o(.data)
    Voltage                                  0x2000005c   Data           4  moebius.o(.data)
    Show_Data_Mb                             0x20000060   Data           4  moebius.o(.data)
    delay_50                                 0x20000064   Data           1  moebius.o(.data)
    delay_flag                               0x20000065   Data           1  moebius.o(.data)
    Run_Flag                                 0x20000066   Data           1  moebius.o(.data)
    rxbuf                                    0x20000067   Data           8  moebius.o(.data)
    Urxbuf                                   0x2000006f   Data           8  moebius.o(.data)
    CAN_ON_Flag                              0x20000077   Data           1  moebius.o(.data)
    Usart_ON_Flag                            0x20000078   Data           1  moebius.o(.data)
    PS2_ON_Flag                              0x20000079   Data           1  moebius.o(.data)
    Usart_Flag                               0x2000007a   Data           1  moebius.o(.data)
    PID_Send                                 0x2000007b   Data           1  moebius.o(.data)
    Flash_Send                               0x2000007c   Data           1  moebius.o(.data)
    txbuf                                    0x2000007d   Data           8  moebius.o(.data)
    txbuf2                                   0x20000085   Data           8  moebius.o(.data)
    Turn_Flag                                0x2000008d   Data           1  moebius.o(.data)
    Pitch                                    0x20000090   Data           4  moebius.o(.data)
    Roll                                     0x20000094   Data           4  moebius.o(.data)
    Yaw                                      0x20000098   Data           4  moebius.o(.data)
    Move_X                                   0x2000009c   Data           4  moebius.o(.data)
    Move_Y                                   0x200000a0   Data           4  moebius.o(.data)
    Move_Z                                   0x200000a4   Data           4  moebius.o(.data)
    Position_KP                              0x200000a8   Data           4  moebius.o(.data)
    Position_KI                              0x200000ac   Data           4  moebius.o(.data)
    Position_KD                              0x200000b0   Data           4  moebius.o(.data)
    Velocity_KP                              0x200000b4   Data           4  moebius.o(.data)
    Velocity_KI                              0x200000b8   Data           4  moebius.o(.data)
    RC_Velocity                              0x200000bc   Data           4  moebius.o(.data)
    RC_Position                              0x200000c0   Data           4  moebius.o(.data)
    PS2_LX                                   0x200000c4   Data           4  moebius.o(.data)
    PS2_LY                                   0x200000c8   Data           4  moebius.o(.data)
    PS2_RX                                   0x200000cc   Data           4  moebius.o(.data)
    PS2_RY                                   0x200000d0   Data           4  moebius.o(.data)
    PS2_KEY                                  0x200000d4   Data           4  moebius.o(.data)
    Gryo_Z                                   0x200000d8   Data           4  moebius.o(.data)
    SystemCoreClock                          0x200000f0   Data           4  system_stm32f10x.o(.data)
    AHBPrescTable                            0x200000f4   Data          16  system_stm32f10x.o(.data)
    QueueSize                                0x20000104   Data           4  bluetooth.o(.data)
    Uart_Queue                               0x20000108   Data           4  bluetooth.o(.data)
    gyro                                     0x2000010c   Data           6  mpu6050.o(.data)
    accel                                    0x20000112   Data           6  mpu6050.o(.data)
    sensors                                  0x20000118   Data           2  mpu6050.o(.data)
    q0                                       0x2000011c   Data           4  mpu6050.o(.data)
    q1                                       0x20000120   Data           4  mpu6050.o(.data)
    q2                                       0x20000124   Data           4  mpu6050.o(.data)
    q3                                       0x20000128   Data           4  mpu6050.o(.data)
    Gx_offset                                0x20000136   Data           2  mpu6050.o(.data)
    Gy_offset                                0x20000138   Data           2  mpu6050.o(.data)
    Gz_offset                                0x2000013a   Data           2  mpu6050.o(.data)
    Target_Z                                 0x20000168   Data           1  control.o(.data)
    Flag_Target                              0x20000169   Data           1  control.o(.data)
    Flag_Change                              0x2000016a   Data           1  control.o(.data)
    PS2_BLU                                  0x2000016b   Data           1  control.o(.data)
    temp1                                    0x2000016c   Data           1  control.o(.data)
    Voltage_Count                            0x20000170   Data           4  control.o(.data)
    Voltage_All                              0x20000174   Data           4  control.o(.data)
    Gyro_K                                   0x20000178   Data           4  control.o(.data)
    Gyro_Bias                                0x2000017c   Data           4  control.o(.data)
    j                                        0x20000180   Data           4  control.o(.data)
    TimClk                                   0x20000184   Data           4  control.o(.data)
    Handkey                                  0x200001b8   Data           2  pstwo.o(.data)
    Comd                                     0x200001ba   Data           2  pstwo.o(.data)
    MASK                                     0x200001bc   Data          32  pstwo.o(.data)
    Usart1_Buf                               0x200001dc   Data           1  usart.o(.data)
    __stdout                                 0x200001e0   Data           4  stdout.o(.data)
    __microlib_freelist                      0x200001e4   Data           4  mvars.o(.data)
    __microlib_freelist_initialised          0x200001e8   Data           4  mvars.o(.data)
    buffer                                   0x200001f0   Data          14  mpu6050.o(.bss)
    MPU6050_FIFO                             0x200001fe   Data         132  mpu6050.o(.bss)
    Data                                     0x20000294   Data           9  pstwo.o(.bss)
    __heap_base                              0x200002a0   Data           0  startup_stm32f10x_hd.o(HEAP)
    __heap_limit                             0x200004a0   Data           0  startup_stm32f10x_hd.o(HEAP)
    __initial_sp                             0x200008a0   Data           0  startup_stm32f10x_hd.o(STACK)



==============================================================================

Memory Map of the image

  Image Entry point : 0x08000131

  Load Region LR_IROM1 (Base: 0x08000000, Size: 0x00009ab8, Max: 0x00040000, ABSOLUTE, COMPRESSED[0x0000993c])

    Execution Region ER_IROM1 (Exec base: 0x08000000, Load base: 0x08000000, Size: 0x000098c8, Max: 0x00040000, ABSOLUTE)

    Exec Addr    Load Addr    Size         Type   Attr      Idx    E Section Name        Object

    0x08000000   0x08000000   0x00000130   Data   RO          191    RESET               startup_stm32f10x_hd.o
    0x08000130   0x08000130   0x00000000   Code   RO          676  * .ARM.Collect$$$$00000000  mc_w.l(entry.o)
    0x08000130   0x08000130   0x00000004   Code   RO         1043    .ARM.Collect$$$$00000001  mc_w.l(entry2.o)
    0x08000134   0x08000134   0x00000004   Code   RO         1046    .ARM.Collect$$$$00000004  mc_w.l(entry5.o)
    0x08000138   0x08000138   0x00000000   Code   RO         1048    .ARM.Collect$$$$00000008  mc_w.l(entry7b.o)
    0x08000138   0x08000138   0x00000000   Code   RO         1050    .ARM.Collect$$$$0000000A  mc_w.l(entry8b.o)
    0x08000138   0x08000138   0x00000008   Code   RO         1051    .ARM.Collect$$$$0000000B  mc_w.l(entry9a.o)
    0x08000140   0x08000140   0x00000004   Code   RO         1058    .ARM.Collect$$$$0000000E  mc_w.l(entry12b.o)
    0x08000144   0x08000144   0x00000000   Code   RO         1053    .ARM.Collect$$$$0000000F  mc_w.l(entry10a.o)
    0x08000144   0x08000144   0x00000000   Code   RO         1055    .ARM.Collect$$$$00000011  mc_w.l(entry11a.o)
    0x08000144   0x08000144   0x00000004   Code   RO         1044    .ARM.Collect$$$$00002712  mc_w.l(entry2.o)
    0x08000148   0x08000148   0x0000010c   Code   RO            1    .text               moebius.o
    0x08000254   0x08000254   0x00000024   Code   RO          192    .text               startup_stm32f10x_hd.o
    0x08000278   0x08000278   0x000000dc   Code   RO          197    .text               misc.o
    0x08000354   0x08000354   0x0000035c   Code   RO          209    .text               stm32f10x_gpio.o
    0x080006b0   0x080006b0   0x000003a4   Code   RO          221    .text               stm32f10x_rcc.o
    0x08000a54   0x08000a54   0x00000e1a   Code   RO          235    .text               stm32f10x_tim.o
    0x0800186e   0x0800186e   0x00000002   PAD
    0x08001870   0x08001870   0x00000408   Code   RO          247    .text               stm32f10x_usart.o
    0x08001c78   0x08001c78   0x000001e0   Code   RO          295    .text               system_stm32f10x.o
    0x08001e58   0x08001e58   0x0000002c   Code   RO          323    .text               led.o
    0x08001e84   0x08001e84   0x00000028   Code   RO          342    .text               key.o
    0x08001eac   0x08001eac   0x00000218   Code   RO          357    .text               motor.o
    0x080020c4   0x080020c4   0x00000434   Code   RO          372    .text               encoder.o
    0x080024f8   0x080024f8   0x00000288   Code   RO          387    .text               bluetooth.o
    0x08002780   0x08002780   0x000001dc   Code   RO          420    .text               adc.o
    0x0800295c   0x0800295c   0x0000050a   Code   RO          435    .text               ioi2c.o
    0x08002e66   0x08002e66   0x00000002   PAD
    0x08002e68   0x08002e68   0x000008f4   Code   RO          450    .text               mpu6050.o
    0x0800375c   0x0800375c   0x00001e90   Code   RO          474    .text               inv_mpu.o
    0x080055ec   0x080055ec   0x00000d70   Code   RO          498    .text               inv_mpu_dmp_motion_driver.o
    0x0800635c   0x0800635c   0x00000b64   Code   RO          544    .text               control.o
    0x08006ec0   0x08006ec0   0x00000054   Code   RO          571    .text               exti.o
    0x08006f14   0x08006f14   0x00000488   Code   RO          586    .text               pstwo.o
    0x0800739c   0x0800739c   0x000001a8   Code   RO          605    .text               sys.o
    0x08007544   0x08007544   0x0000006e   Code   RO          627    .text               systick.o
    0x080075b2   0x080075b2   0x00000002   PAD
    0x080075b4   0x080075b4   0x00000114   Code   RO          639    .text               usart.o
    0x080076c8   0x080076c8   0x00000062   Code   RO          679    .text               mc_w.l(ldiv.o)
    0x0800772a   0x0800772a   0x00000024   Code   RO          681    .text               mc_w.l(memseta.o)
    0x0800774e   0x0800774e   0x0000001a   Code   RO          683    .text               mc_w.l(memcmp.o)
    0x08007768   0x08007768   0x000000b0   Code   RO          974    .text               mf_w.l(fadd.o)
    0x08007818   0x08007818   0x00000064   Code   RO          976    .text               mf_w.l(fmul.o)
    0x0800787c   0x0800787c   0x0000007c   Code   RO          978    .text               mf_w.l(fdiv.o)
    0x080078f8   0x080078f8   0x0000014e   Code   RO          980    .text               mf_w.l(dadd.o)
    0x08007a46   0x08007a46   0x000000e4   Code   RO          982    .text               mf_w.l(dmul.o)
    0x08007b2a   0x08007b2a   0x000000de   Code   RO          984    .text               mf_w.l(ddiv.o)
    0x08007c08   0x08007c08   0x00000012   Code   RO          986    .text               mf_w.l(fflti.o)
    0x08007c1a   0x08007c1a   0x0000000a   Code   RO          988    .text               mf_w.l(ffltui.o)
    0x08007c24   0x08007c24   0x0000001a   Code   RO          990    .text               mf_w.l(dfltui.o)
    0x08007c3e   0x08007c3e   0x00000032   Code   RO          992    .text               mf_w.l(ffixi.o)
    0x08007c70   0x08007c70   0x00000028   Code   RO          994    .text               mf_w.l(ffixui.o)
    0x08007c98   0x08007c98   0x0000003e   Code   RO          996    .text               mf_w.l(dfixi.o)
    0x08007cd6   0x08007cd6   0x00000026   Code   RO          998    .text               mf_w.l(f2d.o)
    0x08007cfc   0x08007cfc   0x00000038   Code   RO         1000    .text               mf_w.l(d2f.o)
    0x08007d34   0x08007d34   0x00000014   Code   RO         1002    .text               mf_w.l(cfcmple.o)
    0x08007d48   0x08007d48   0x00000014   Code   RO         1004    .text               mf_w.l(cfrcmple.o)
    0x08007d5c   0x08007d5c   0x0000002c   Code   RO         1060    .text               mc_w.l(uidiv.o)
    0x08007d88   0x08007d88   0x00000062   Code   RO         1062    .text               mc_w.l(uldiv.o)
    0x08007dea   0x08007dea   0x0000001e   Code   RO         1064    .text               mc_w.l(llshl.o)
    0x08007e08   0x08007e08   0x00000020   Code   RO         1066    .text               mc_w.l(llushr.o)
    0x08007e28   0x08007e28   0x00000024   Code   RO         1068    .text               mc_w.l(llsshr.o)
    0x08007e4c   0x08007e4c   0x00000000   Code   RO         1083    .text               mc_w.l(iusefp.o)
    0x08007e4c   0x08007e4c   0x0000006e   Code   RO         1084    .text               mf_w.l(fepilogue.o)
    0x08007eba   0x08007eba   0x000000ba   Code   RO         1086    .text               mf_w.l(depilogue.o)
    0x08007f74   0x08007f74   0x0000002e   Code   RO         1088    .text               mf_w.l(dscalb.o)
    0x08007fa2   0x08007fa2   0x00000002   PAD
    0x08007fa4   0x08007fa4   0x00000030   Code   RO         1092    .text               mf_w.l(cdcmple.o)
    0x08007fd4   0x08007fd4   0x00000024   Code   RO         1096    .text               mc_w.l(init.o)
    0x08007ff8   0x08007ff8   0x000000a2   Code   RO         1098    .text               mf_w.l(dsqrt.o)
    0x0800809a   0x0800809a   0x00000056   Code   RO         1108    .text               mc_w.l(__dczerorl2.o)
    0x080080f0   0x080080f0   0x00000020   Code   RO          774    i.__0printf$3       mc_w.l(printf3.o)
    0x08008110   0x08008110   0x00000028   Code   RO         1030    i.__ARM_fpclassify  m_ws.l(fpclassify.o)
    0x08008138   0x08008138   0x000000aa   Code   RO         1032    i.__kernel_poly     m_ws.l(poly.o)
    0x080081e2   0x080081e2   0x00000006   Code   RO         1017    i.__mathlib_dbl_infnan  m_ws.l(dunder.o)
    0x080081e8   0x080081e8   0x00000004   Code   RO         1018    i.__mathlib_dbl_infnan2  m_ws.l(dunder.o)
    0x080081ec   0x080081ec   0x0000000c   Code   RO         1019    i.__mathlib_dbl_invalid  m_ws.l(dunder.o)
    0x080081f8   0x080081f8   0x00000010   Code   RO         1022    i.__mathlib_dbl_underflow  m_ws.l(dunder.o)
    0x08008208   0x08008208   0x0000000e   Code   RO         1102    i.__scatterload_copy  mc_w.l(handlers.o)
    0x08008216   0x08008216   0x00000002   Code   RO         1103    i.__scatterload_null  mc_w.l(handlers.o)
    0x08008218   0x08008218   0x0000000e   Code   RO         1104    i.__scatterload_zeroinit  mc_w.l(handlers.o)
    0x08008226   0x08008226   0x00000002   PAD
    0x08008228   0x08008228   0x0000000c   Code   RO         1078    i.__set_errno       mc_w.l(errno.o)
    0x08008234   0x08008234   0x000001b8   Code   RO          781    i._printf_core      mc_w.l(printf3.o)
    0x080083ec   0x080083ec   0x00000270   Code   RO          659    i.asin              m_ws.l(asin.o)
    0x0800865c   0x0800865c   0x00000220   Code   RO         1007    i.atan              m_ws.l(atan.o)
    0x0800887c   0x0800887c   0x0000019c   Code   RO          669    i.atan2             m_ws.l(atan2.o)
    0x08008a18   0x08008a18   0x00000050   Code   RO          946    i.free              mc_w.l(malloc.o)
    0x08008a68   0x08008a68   0x0000006c   Code   RO          947    i.malloc            mc_w.l(malloc.o)
    0x08008ad4   0x08008ad4   0x0000004c   Code   RO         1036    i.sqrt              m_ws.l(sqrt.o)
    0x08008b20   0x08008b20   0x00000050   Data   RO          475    .constdata          inv_mpu.o
    0x08008b70   0x08008b70   0x00000bf6   Data   RO          500    .constdata          inv_mpu_dmp_motion_driver.o
    0x08009766   0x08009766   0x00000002   PAD
    0x08009768   0x08009768   0x00000050   Data   RO          660    .constdata          m_ws.l(asin.o)
    0x080097b8   0x080097b8   0x00000098   Data   RO         1008    .constdata          m_ws.l(atan.o)
    0x08009850   0x08009850   0x00000008   Data   RO         1034    .constdata          m_ws.l(qnan.o)
    0x08009858   0x08009858   0x0000004e   Data   RO          476    .conststring        inv_mpu.o
    0x080098a6   0x080098a6   0x00000002   PAD
    0x080098a8   0x080098a8   0x00000020   Data   RO         1100    Region$$Table       anon$$obj.o


    Execution Region RW_IRAM1 (Exec base: 0x20000000, Load base: 0x080098c8, Size: 0x000008a0, Max: 0x0000c000, ABSOLUTE, COMPRESSED[0x00000074])

    Exec Addr    Load Addr    Size         Type   Attr      Idx    E Section Name        Object

    0x20000000   COMPRESSED   0x000000dc   Data   RW            3    .data               moebius.o
    0x200000dc   COMPRESSED   0x00000014   Data   RW          222    .data               stm32f10x_rcc.o
    0x200000f0   COMPRESSED   0x00000014   Data   RW          296    .data               system_stm32f10x.o
    0x20000104   COMPRESSED   0x00000008   Data   RW          388    .data               bluetooth.o
    0x2000010c   COMPRESSED   0x00000030   Data   RW          452    .data               mpu6050.o
    0x2000013c   COMPRESSED   0x0000002c   Data   RW          477    .data               inv_mpu.o
    0x20000168   COMPRESSED   0x00000050   Data   RW          545    .data               control.o
    0x200001b8   COMPRESSED   0x00000024   Data   RW          588    .data               pstwo.o
    0x200001dc   COMPRESSED   0x00000001   Data   RW          640    .data               usart.o
    0x200001dd   COMPRESSED   0x00000003   PAD
    0x200001e0   COMPRESSED   0x00000004   Data   RW         1059    .data               mc_w.l(stdout.o)
    0x200001e4   COMPRESSED   0x00000004   Data   RW         1074    .data               mc_w.l(mvars.o)
    0x200001e8   COMPRESSED   0x00000004   Data   RW         1075    .data               mc_w.l(mvars.o)
    0x200001ec   COMPRESSED   0x00000004   Data   RW         1079    .data               mc_w.l(errno.o)
    0x200001f0        -       0x00000092   Zero   RW          451    .bss                mpu6050.o
    0x20000282   COMPRESSED   0x00000002   PAD
    0x20000284        -       0x00000010   Zero   RW          499    .bss                inv_mpu_dmp_motion_driver.o
    0x20000294        -       0x00000009   Zero   RW          587    .bss                pstwo.o
    0x2000029d   COMPRESSED   0x00000003   PAD
    0x200002a0        -       0x00000200   Zero   RW          190    HEAP                startup_stm32f10x_hd.o
    0x200004a0        -       0x00000400   Zero   RW          189    STACK               startup_stm32f10x_hd.o


==============================================================================

Image component sizes


      Code (inc. data)   RO Data    RW Data    ZI Data      Debug   Object Name

       476         36          0          0          0        992   adc.o
       648        134          0          8          0       2991   bluetooth.o
      2916        376          0         80          0       5040   control.o
      1076         36          0          0          0       1907   encoder.o
        84          8          0          0          0        450   exti.o
      7824        174        158         44          0      21531   inv_mpu.o
      3440        126       3062          0         16      15099   inv_mpu_dmp_motion_driver.o
      1290         16          0          0          0       5702   ioi2c.o
        40          6          0          0          0        459   key.o
        44          4          0          0          0        463   led.o
       220         22          0          0          0       1865   misc.o
       268         48          0        220          0     259676   moebius.o
       536         44          0          0          0        950   motor.o
      2292        464          0         48        146      20791   mpu6050.o
      1160         64          0         36          9       3803   pstwo.o
        36          8        304          0       1536        828   startup_stm32f10x_hd.o
       860         38          0          0          0       5801   stm32f10x_gpio.o
       932         36          0         20          0       8988   stm32f10x_rcc.o
      3610         88          0          0          0      22912   stm32f10x_tim.o
      1032         22          0          0          0       8524   stm32f10x_usart.o
       424         36          0          0          0       1654   sys.o
       480         38          0         20          0       1867   system_stm32f10x.o
       110          0          0          0          0        660   systick.o
       276         12          0          1          0       1283   usart.o

    ----------------------------------------------------------------------
     30080       1836       3560        480       1712     394236   Object Totals
         0          0         32          0          0          0   (incl. Generated)
         6          0          4          3          5          0   (incl. Padding)

    ----------------------------------------------------------------------

      Code (inc. data)   RO Data    RW Data    ZI Data      Debug   Library Member Name

       624         52         80          0          0        168   asin.o
       544         70        152          0          0        124   atan.o
       412         38          0          0          0        144   atan2.o
        38          6          0          0          0        272   dunder.o
        40          0          0          0          0         68   fpclassify.o
       170          0          0          0          0         96   poly.o
         0          0          8          0          0          0   qnan.o
        76          0          0          0          0         84   sqrt.o
        86          0          0          0          0          0   __dczerorl2.o
         0          0          0          0          0          0   entry.o
         0          0          0          0          0          0   entry10a.o
         0          0          0          0          0          0   entry11a.o
         4          0          0          0          0          0   entry12b.o
         8          4          0          0          0          0   entry2.o
         4          0          0          0          0          0   entry5.o
         0          0          0          0          0          0   entry7b.o
         0          0          0          0          0          0   entry8b.o
         8          4          0          0          0          0   entry9a.o
        12          6          0          4          0         68   errno.o
        30          0          0          0          0          0   handlers.o
        36          8          0          0          0         68   init.o
         0          0          0          0          0          0   iusefp.o
        98          0          0          0          0         84   ldiv.o
        30          0          0          0          0         68   llshl.o
        36          0          0          0          0         68   llsshr.o
        32          0          0          0          0         68   llushr.o
       188         20          0          0          0        160   malloc.o
        26          0          0          0          0         80   memcmp.o
        36          0          0          0          0        108   memseta.o
         0          0          0          8          0          0   mvars.o
       472         14          0          0          0        184   printf3.o
         0          0          0          4          0          0   stdout.o
        44          0          0          0          0         80   uidiv.o
        98          0          0          0          0         92   uldiv.o
        48          0          0          0          0         68   cdcmple.o
        20          0          0          0          0         68   cfcmple.o
        20          0          0          0          0         68   cfrcmple.o
        56          0          0          0          0         88   d2f.o
       334          0          0          0          0        148   dadd.o
       222          0          0          0          0        100   ddiv.o
       186          0          0          0          0        176   depilogue.o
        62          0          0          0          0         80   dfixi.o
        26          0          0          0          0         76   dfltui.o
       228          0          0          0          0         96   dmul.o
        46          0          0          0          0         80   dscalb.o
       162          0          0          0          0        100   dsqrt.o
        38          0          0          0          0         68   f2d.o
       176          0          0          0          0        140   fadd.o
       124          0          0          0          0         88   fdiv.o
       110          0          0          0          0        168   fepilogue.o
        50          0          0          0          0         68   ffixi.o
        40          0          0          0          0         68   ffixui.o
        18          0          0          0          0         68   fflti.o
        10          0          0          0          0         68   ffltui.o
       100          0          0          0          0         76   fmul.o

    ----------------------------------------------------------------------
      5232        222        240         16          0       4044   Library Totals
         4          0          0          0          0          0   (incl. Padding)

    ----------------------------------------------------------------------

      Code (inc. data)   RO Data    RW Data    ZI Data      Debug   Library Name

      1904        166        240          0          0        956   m_ws.l
      1248         56          0         16          0       1128   mc_w.l
      2076          0          0          0          0       1960   mf_w.l

    ----------------------------------------------------------------------
      5232        222        240         16          0       4044   Library Totals

    ----------------------------------------------------------------------

==============================================================================


      Code (inc. data)   RO Data    RW Data    ZI Data      Debug   

     35312       2058       3800        496       1712     394040   Grand Totals
     35312       2058       3800        116       1712     394040   ELF Image Totals (compressed)
     35312       2058       3800        116          0          0   ROM Totals

==============================================================================

    Total RO  Size (Code + RO Data)                39112 (  38.20kB)
    Total RW  Size (RW Data + ZI Data)              2208 (   2.16kB)
    Total ROM Size (Code + RO Data + RW Data)      39228 (  38.31kB)

==============================================================================

